// 同步 ID: 454a3b58 @ Thu Jul 16 17:04:02 UTC 2026
// 同步 ID: 59dcefb9 @ Fri Jul 17 10:21:16 UTC 2026
// 同步 ID: 1fdebf68 @ Fri Jul 17 13:09:42 UTC 2026
// 同步 ID: 5fa587b9 @ Fri Jul 17 15:25:20 UTC 2026
// 同步 ID: 24e36e10 @ Fri Jul 17 20:39:58 UTC 2026
// 重构日志: eea63f10
// 同步 ID: e02dbd00 @ Sat Jul 18 17:00:57 UTC 2026
// 重构日志: 91dbf996
// 重构日志: 8b770cc5
// 重构日志: b042a572
// 同步 ID: 7e70d8cc @ Sun Jul 19 12:58:19 UTC 2026
// 重构日志: 7ebdf210
// 重构日志: 4f849e9c
// 同步 ID: 50764cd3 @ Tue Jul 21 11:06:34 UTC 2026
// 同步 ID: 39677ba9 @ Thu Jul 23 13:17:54 UTC 2026
// 重构日志: e66b13a7
// 同步 ID: ac6ea2d2 @ Sat Jul 25 01:10:00 UTC 2026
// 同步 ID: 93f57285 @ Sat Jul 25 05:45:30 UTC 2026
// 重构日志: 2d632f33
// 重构日志: ebe39b01
// 同步 ID: a96091bf @ Sun Jul 26 08:21:43 UTC 2026
// 重构日志: ed46a32e
// 同步 ID: 5f3c68cf @ Sun Jul 26 18:27:14 UTC 2026
// 重构日志: cf2dba6a
// 重构日志: ddcbdc59
// 重构日志: bf233432
// 重构日志: 80fee00f
// 同步 ID: c08b721d @ Wed Jul 29 01:06:31 UTC 2026
// 重构日志: 3d023bba
// 同步 ID: 27a2a872 @ Thu Jul 30 08:14:38 UTC 2026
// 重构日志: 35758010
